Archive member included to satisfy reference by file (symbol)

/usr/lib/gcc/arm-none-eabi/7.1.0/../../../../arm-none-eabi/lib/armv7e-m/libg_nano.a(lib_a-errno.o)
                              ./system/src/newlib/_sbrk.o (__errno)
/usr/lib/gcc/arm-none-eabi/7.1.0/../../../../arm-none-eabi/lib/armv7e-m/libg_nano.a(lib_a-impure.o)
                              /usr/lib/gcc/arm-none-eabi/7.1.0/../../../../arm-none-eabi/lib/armv7e-m/libg_nano.a(lib_a-errno.o) (_impure_ptr)
/usr/lib/gcc/arm-none-eabi/7.1.0/../../../../arm-none-eabi/lib/armv7e-m/libg_nano.a(lib_a-strcmp.o)
                              ./src/console.o (strcmp)
/usr/lib/gcc/arm-none-eabi/7.1.0/../../../../arm-none-eabi/lib/armv7e-m/libg_nano.a(lib_a-strlen.o)
                              ./system/src/diag/Trace.o (strlen)
/usr/lib/gcc/arm-none-eabi/7.1.0/../../../../arm-none-eabi/lib/armv7e-m/libg_nano.a(lib_a-strtok.o)
                              ./src/console.o (strtok)
/usr/lib/gcc/arm-none-eabi/7.1.0/../../../../arm-none-eabi/lib/armv7e-m/libg_nano.a(lib_a-strtok_r.o)
                              /usr/lib/gcc/arm-none-eabi/7.1.0/../../../../arm-none-eabi/lib/armv7e-m/libg_nano.a(lib_a-strtok.o) (__strtok_r)
/usr/lib/gcc/arm-none-eabi/7.1.0/../../../../arm-none-eabi/lib/armv7e-m/libg_nano.a(lib_a-vsnprintf.o)
                              ./system/src/diag/Trace.o (vsnprintf)
/usr/lib/gcc/arm-none-eabi/7.1.0/../../../../arm-none-eabi/lib/armv7e-m/libg_nano.a(lib_a-malloc.o)
                              /usr/lib/gcc/arm-none-eabi/7.1.0/../../../../arm-none-eabi/lib/armv7e-m/libg_nano.a(lib_a-strtok.o) (malloc)
/usr/lib/gcc/arm-none-eabi/7.1.0/../../../../arm-none-eabi/lib/armv7e-m/libg_nano.a(lib_a-nano-freer.o)
                              /usr/lib/gcc/arm-none-eabi/7.1.0/../../../../arm-none-eabi/lib/armv7e-m/libg_nano.a(lib_a-malloc.o) (_free_r)
/usr/lib/gcc/arm-none-eabi/7.1.0/../../../../arm-none-eabi/lib/armv7e-m/libg_nano.a(lib_a-nano-mallocr.o)
                              /usr/lib/gcc/arm-none-eabi/7.1.0/../../../../arm-none-eabi/lib/armv7e-m/libg_nano.a(lib_a-malloc.o) (_malloc_r)
/usr/lib/gcc/arm-none-eabi/7.1.0/../../../../arm-none-eabi/lib/armv7e-m/libg_nano.a(lib_a-nano-svfprintf.o)
                              /usr/lib/gcc/arm-none-eabi/7.1.0/../../../../arm-none-eabi/lib/armv7e-m/libg_nano.a(lib_a-vsnprintf.o) (_svfprintf_r)
/usr/lib/gcc/arm-none-eabi/7.1.0/../../../../arm-none-eabi/lib/armv7e-m/libg_nano.a(lib_a-nano-vfprintf_i.o)
                              /usr/lib/gcc/arm-none-eabi/7.1.0/../../../../arm-none-eabi/lib/armv7e-m/libg_nano.a(lib_a-nano-svfprintf.o) (_printf_i)
/usr/lib/gcc/arm-none-eabi/7.1.0/../../../../arm-none-eabi/lib/armv7e-m/libg_nano.a(lib_a-sbrkr.o)
                              /usr/lib/gcc/arm-none-eabi/7.1.0/../../../../arm-none-eabi/lib/armv7e-m/libg_nano.a(lib_a-nano-mallocr.o) (_sbrk_r)
/usr/lib/gcc/arm-none-eabi/7.1.0/../../../../arm-none-eabi/lib/armv7e-m/libg_nano.a(lib_a-memchr.o)
                              /usr/lib/gcc/arm-none-eabi/7.1.0/../../../../arm-none-eabi/lib/armv7e-m/libg_nano.a(lib_a-nano-svfprintf.o) (memchr)
/usr/lib/gcc/arm-none-eabi/7.1.0/../../../../arm-none-eabi/lib/armv7e-m/libg_nano.a(lib_a-memcpy-stub.o)
                              /usr/lib/gcc/arm-none-eabi/7.1.0/../../../../arm-none-eabi/lib/armv7e-m/libg_nano.a(lib_a-nano-svfprintf.o) (memcpy)
/usr/lib/gcc/arm-none-eabi/7.1.0/../../../../arm-none-eabi/lib/armv7e-m/libg_nano.a(lib_a-memmove.o)
                              /usr/lib/gcc/arm-none-eabi/7.1.0/../../../../arm-none-eabi/lib/armv7e-m/libg_nano.a(lib_a-nano-svfprintf.o) (memmove)
/usr/lib/gcc/arm-none-eabi/7.1.0/../../../../arm-none-eabi/lib/armv7e-m/libg_nano.a(lib_a-mlock.o)
                              /usr/lib/gcc/arm-none-eabi/7.1.0/../../../../arm-none-eabi/lib/armv7e-m/libg_nano.a(lib_a-nano-freer.o) (__malloc_lock)
/usr/lib/gcc/arm-none-eabi/7.1.0/../../../../arm-none-eabi/lib/armv7e-m/libg_nano.a(lib_a-nano-reallocr.o)
                              /usr/lib/gcc/arm-none-eabi/7.1.0/../../../../arm-none-eabi/lib/armv7e-m/libg_nano.a(lib_a-nano-svfprintf.o) (_realloc_r)
/usr/lib/gcc/arm-none-eabi/7.1.0/../../../../arm-none-eabi/lib/armv7e-m/libg_nano.a(lib_a-nano-msizer.o)
                              /usr/lib/gcc/arm-none-eabi/7.1.0/../../../../arm-none-eabi/lib/armv7e-m/libg_nano.a(lib_a-nano-reallocr.o) (_malloc_usable_size_r)

Allocating common symbols
Common symbol       size              file

timer_delayCount    0x4               ./src/Timer.o
command_list        0x24              ./src/console.o
errno               0x4               ./system/src/newlib/_syscalls.o
recv_data           0xff              ./src/console.o

Discarded input sections

 .group         0x0000000000000000        0x8 ./system/src/stm32f3-stdperiph/stm32f30x_gpio.o
 .group         0x0000000000000000        0x8 ./system/src/stm32f3-stdperiph/stm32f30x_gpio.o
 .group         0x0000000000000000        0x8 ./system/src/stm32f3-stdperiph/stm32f30x_gpio.o
[...]
Memory Configuration

Name             Origin             Length             Attributes
RAM              0x0000000020000000 0x000000000000a000 xrw
CCMRAM           0x0000000010000000 0x0000000000002000 xrw
FLASH            0x0000000008000000 0x0000000000040000 xr
FLASHB1          0x0000000000000000 0x0000000000000000 xr
EXTMEMB0         0x0000000000000000 0x0000000000000000 xr
EXTMEMB1         0x0000000000000000 0x0000000000000000 xr
EXTMEMB2         0x0000000000000000 0x0000000000000000 xr
EXTMEMB3         0x0000000000000000 0x0000000000000000 xr
MEMORY_ARRAY     0x0000000020002000 0x0000000000000000 xrw
*default*        0x0000000000000000 0xffffffffffffffff

Linker script and memory map

LOAD ./system/src/stm32f3-stdperiph/stm32f30x_gpio.o
LOAD ./system/src/stm32f3-stdperiph/stm32f30x_misc.o
LOAD ./system/src/stm32f3-stdperiph/stm32f30x_rcc.o
LOAD ./system/src/stm32f3-stdperiph/stm32f30x_spi.o
LOAD ./system/src/stm32f3-stdperiph/stm32f30x_usart.o
LOAD ./system/src/newlib/_cxx.o
LOAD ./system/src/newlib/_exit.o
LOAD ./system/src/newlib/_sbrk.o
LOAD ./system/src/newlib/_startup.o
LOAD ./system/src/newlib/_syscalls.o
LOAD ./system/src/newlib/assert.o
LOAD ./system/src/diag/Trace.o
LOAD ./system/src/diag/trace_impl.o
LOAD ./system/src/cortexm/_initialize_hardware.o
LOAD ./system/src/cortexm/_reset_hardware.o
LOAD ./system/src/cortexm/exception_handlers.o
LOAD ./system/src/cmsis/system_stm32f30x.o
LOAD ./system/src/cmsis/vectors_stm32f30x.o
LOAD ./src/Timer.o
LOAD ./src/_write.o
LOAD ./src/console.o
LOAD ./src/gpio.o
LOAD ./src/interrupt.o
LOAD ./src/main.o
LOAD ./src/spi.o
LOAD ./src/usart.o
LOAD /usr/lib/gcc/arm-none-eabi/7.1.0/../../../../arm-none-eabi/lib/armv7e-m/libstdc++_nano.a
LOAD /usr/lib/gcc/arm-none-eabi/7.1.0/../../../../arm-none-eabi/lib/armv7e-m/libm.a
START GROUP
LOAD /usr/lib/gcc/arm-none-eabi/7.1.0/armv7e-m/libgcc.a
LOAD /usr/lib/gcc/arm-none-eabi/7.1.0/../../../../arm-none-eabi/lib/armv7e-m/libg_nano.a
LOAD /usr/lib/gcc/arm-none-eabi/7.1.0/../../../../arm-none-eabi/lib/armv7e-m/libc_nano.a
END GROUP
START GROUP
LOAD /usr/lib/gcc/arm-none-eabi/7.1.0/armv7e-m/libgcc.a
LOAD /usr/lib/gcc/arm-none-eabi/7.1.0/../../../../arm-none-eabi/lib/armv7e-m/libc_nano.a
END GROUP
                0x000000002000a000                __stack = (ORIGIN (RAM) + LENGTH (RAM))
                0x000000002000a000                _estack = __stack
                0x0000000000000400                __Main_Stack_Size = 0x400
                [!provide]                        PROVIDE (_Main_Stack_Size, __Main_Stack_Size)
                0x0000000020009c00                __Main_Stack_Limit = (__stack - __Main_Stack_Size)
                [!provide]                        PROVIDE (_Main_Stack_Limit, __Main_Stack_Limit)
                0x0000000000000100                _Minimum_Stack_Size = 0x100
                0x000000002000027c                PROVIDE (_Heap_Begin, _end_noinit)
                0x0000000020009c00                PROVIDE (_Heap_Limit, (__stack - __Main_Stack_Size))

.isr_vector     0x0000000008000000      0x3e8
 FILL mask 0xff
                0x0000000008000000                __vectors_start = ABSOLUTE (.)
                0x0000000008000000                __vectors_start__ = ABSOLUTE (.)
 *(.isr_vector)
 .isr_vector    0x0000000008000000      0x188 ./system/src/cmsis/vectors_stm32f30x.o
                0x0000000008000000                __isr_vectors
 *(.cfmconfig)
 *(.after_vectors .after_vectors.*)
 .after_vectors
                0x0000000008000188      0x130 ./system/src/newlib/_startup.o
                0x0000000008000188                _start
 .after_vectors
                0x00000000080002b8      0x12c ./system/src/cortexm/exception_handlers.o
                0x00000000080002b8                Reset_Handler
                0x00000000080002be                NMI_Handler
                0x00000000080002c2                HardFault_Handler
                0x00000000080002d6                HardFault_Handler_C
                0x0000000008000334                MemManage_Handler
                0x0000000008000338                BusFault_Handler
                0x000000000800034c                BusFault_Handler_C
                0x0000000008000380                UsageFault_Handler
                0x0000000008000394                UsageFault_Handler_C
                0x00000000080003c8                SVC_Handler
                0x00000000080003cc                DebugMon_Handler
                0x00000000080003d0                PendSV_Handler
 .after_vectors
                0x00000000080003e4        0x4 ./system/src/cmsis/vectors_stm32f30x.o
                0x00000000080003e4                RTC_Alarm_IRQHandler
                0x00000000080003e4                TIM8_TRG_COM_IRQHandler
                0x00000000080003e4                TIM8_CC_IRQHandler
                0x00000000080003e4                TIM1_CC_IRQHandler
                0x00000000080003e4                USB_HP_IRQHandler
                0x00000000080003e4                PVD_IRQHandler
                0x00000000080003e4                EXTI3_IRQHandler
                0x00000000080003e4                EXTI0_IRQHandler
                0x00000000080003e4                I2C2_EV_IRQHandler
                0x00000000080003e4                FPU_IRQHandler
                0x00000000080003e4                EXTI2_TS_IRQHandler
                0x00000000080003e4                TIM1_UP_TIM16_IRQHandler
                0x00000000080003e4                ADC1_2_IRQHandler
                0x00000000080003e4                SPI1_IRQHandler
                0x00000000080003e4                TIM6_DAC_IRQHandler
                0x00000000080003e4                TIM8_UP_IRQHandler
                0x00000000080003e4                DMA2_Channel2_IRQHandler
                0x00000000080003e4                DMA1_Channel4_IRQHandler
                0x00000000080003e4                USART3_IRQHandler
                0x00000000080003e4                DMA1_Channel7_IRQHandler
                0x00000000080003e4                CAN1_RX1_IRQHandler
                0x00000000080003e4                UART5_IRQHandler
                0x00000000080003e4                ADC3_IRQHandler
                0x00000000080003e4                TIM4_IRQHandler
                0x00000000080003e4                DMA2_Channel1_IRQHandler
                0x00000000080003e4                I2C1_EV_IRQHandler
                0x00000000080003e4                DMA1_Channel6_IRQHandler
                0x00000000080003e4                UART4_IRQHandler
                0x00000000080003e4                DMA2_Channel4_IRQHandler
                0x00000000080003e4                TIM3_IRQHandler
                0x00000000080003e4                RCC_IRQHandler
                0x00000000080003e4                DMA1_Channel1_IRQHandler
                0x00000000080003e4                Default_Handler
                0x00000000080003e4                USBWakeUp_RMP_IRQHandler
                0x00000000080003e4                EXTI15_10_IRQHandler
                0x00000000080003e4                TIM7_IRQHandler
                0x00000000080003e4                EXTI9_5_IRQHandler
                0x00000000080003e4                TAMPER_STAMP_IRQHandler
                0x00000000080003e4                RTC_WKUP_IRQHandler
                0x00000000080003e4                SPI2_IRQHandler
                0x00000000080003e4                DMA2_Channel5_IRQHandler
                0x00000000080003e4                DMA1_Channel5_IRQHandler
                0x00000000080003e4                USB_LP_IRQHandler
                0x00000000080003e4                EXTI4_IRQHandler
                0x00000000080003e4                USB_LP_CAN1_RX0_IRQHandler
                0x00000000080003e4                TIM1_TRG_COM_TIM17_IRQHandler
                0x00000000080003e4                USB_HP_CAN1_TX_IRQHandler
                0x00000000080003e4                DMA1_Channel3_IRQHandler
                0x00000000080003e4                ADC4_IRQHandler
                0x00000000080003e4                WWDG_IRQHandler
                0x00000000080003e4                TIM2_IRQHandler
                0x00000000080003e4                COMP7_IRQHandler
                0x00000000080003e4                COMP1_2_3_IRQHandler
                0x00000000080003e4                EXTI1_IRQHandler
                0x00000000080003e4                USART2_IRQHandler
                0x00000000080003e4                COMP4_5_6_IRQHandler
                0x00000000080003e4                I2C2_ER_IRQHandler
                0x00000000080003e4                DMA1_Channel2_IRQHandler
                0x00000000080003e4                TIM8_BRK_IRQHandler
                0x00000000080003e4                CAN1_SCE_IRQHandler
                0x00000000080003e4                FLASH_IRQHandler
                0x00000000080003e4                SPI3_IRQHandler
                0x00000000080003e4                I2C1_ER_IRQHandler
                0x00000000080003e4                USBWakeUp_IRQHandler
                0x00000000080003e4                DMA2_Channel3_IRQHandler
                0x00000000080003e4                TIM1_BRK_TIM15_IRQHandler

.inits          0x00000000080003e8       0x28
                0x00000000080003e8                __data_regions_array_start = .
                0x00000000080003e8        0x4 LONG 0x8002a8c LOADADDR (.data)
                0x00000000080003ec        0x4 LONG 0x20000000 ADDR (.data)
                0x00000000080003f0        0x4 LONG 0x200000b4 (ADDR (.data) + SIZEOF (.data))
                0x00000000080003f4        0x4 LONG 0x8002a8c LOADADDR (.data_CCMRAM)
                0x00000000080003f8        0x4 LONG 0x10000000 ADDR (.data_CCMRAM)
                0x00000000080003fc        0x4 LONG 0x10000000 (ADDR (.data_CCMRAM) + SIZEOF (.data_CCMRAM))
                0x0000000008000400                __data_regions_array_end = .
                0x0000000008000400                __bss_regions_array_start = .
                0x0000000008000400        0x4 LONG 0x200000b4 ADDR (.bss)
                0x0000000008000404        0x4 LONG 0x2000027c (ADDR (.bss) + SIZEOF (.bss))
                0x0000000008000408        0x4 LONG 0x10000000 ADDR (.bss_CCMRAM)
                0x000000000800040c        0x4 LONG 0x10000000 (ADDR (.bss_CCMRAM) + SIZEOF (.bss_CCMRAM))
                0x0000000008000410                __bss_regions_array_end = .
 *(.init)
 *(.fini)
                0x0000000008000410                . = ALIGN (0x4)
                0x0000000008000410                PROVIDE (__preinit_array_start, .)
 *(.preinit_array_sysinit .preinit_array_sysinit.*)
 *(.preinit_array_platform .preinit_array_platform.*)
 *(.preinit_array .preinit_array.*)
                0x0000000008000410                PROVIDE (__preinit_array_end, .)
                0x0000000008000410                . = ALIGN (0x4)
                0x0000000008000410                PROVIDE (__init_array_start, .)
 *(SORT(.init_array.*))
 *(.init_array)
                0x0000000008000410                PROVIDE (__init_array_end, .)
                0x0000000008000410                . = ALIGN (0x4)
                0x0000000008000410                PROVIDE (__fini_array_start, .)
 *(SORT(.fini_array.*))
 *(.fini_array)
                0x0000000008000410                PROVIDE (__fini_array_end, .)

.flashtext
 *(.flashtext .flashtext.*)

.text           0x0000000008000410     0x267b
 *(.text .text.*)
 .text.GPIO_Init
                0x0000000008000410      0x118 ./system/src/stm32f3-stdperiph/stm32f30x_gpio.o
                0x0000000008000410                GPIO_Init
 .text.GPIO_StructInit
                0x0000000008000528       0x14 ./system/src/stm32f3-stdperiph/stm32f30x_gpio.o
                0x0000000008000528                GPIO_StructInit
 .text.GPIO_SetBits
                0x000000000800053c       0x58 ./system/src/stm32f3-stdperiph/stm32f30x_gpio.o
                0x000000000800053c                GPIO_SetBits
 .text.GPIO_ResetBits
                0x0000000008000594       0x58 ./system/src/stm32f3-stdperiph/stm32f30x_gpio.o
                0x0000000008000594                GPIO_ResetBits
 .text.GPIO_PinAFConfig
                0x00000000080005ec       0x98 ./system/src/stm32f3-stdperiph/stm32f30x_gpio.o
                0x00000000080005ec                GPIO_PinAFConfig
 .text.NVIC_PriorityGroupConfig
                0x0000000008000684       0x40 ./system/src/stm32f3-stdperiph/stm32f30x_misc.o
                0x0000000008000684                NVIC_PriorityGroupConfig
 .text.NVIC_Init
                0x00000000080006c4       0x98 ./system/src/stm32f3-stdperiph/stm32f30x_misc.o
                0x00000000080006c4                NVIC_Init
 .text.RCC_GetClocksFreq
                0x000000000800075c      0x2c4 ./system/src/stm32f3-stdperiph/stm32f30x_rcc.o
                0x000000000800075c                RCC_GetClocksFreq
 .text.RCC_AHBPeriphClockCmd
                0x0000000008000a20       0x4c ./system/src/stm32f3-stdperiph/stm32f30x_rcc.o
                0x0000000008000a20                RCC_AHBPeriphClockCmd
 .text.RCC_APB2PeriphClockCmd
                0x0000000008000a6c       0x4c ./system/src/stm32f3-stdperiph/stm32f30x_rcc.o
                0x0000000008000a6c                RCC_APB2PeriphClockCmd
 .text.RCC_APB2PeriphResetCmd
                0x0000000008000ab8       0x4c ./system/src/stm32f3-stdperiph/stm32f30x_rcc.o
                0x0000000008000ab8                RCC_APB2PeriphResetCmd
 .text.RCC_APB1PeriphResetCmd
                0x0000000008000b04       0x4c ./system/src/stm32f3-stdperiph/stm32f30x_rcc.o
                0x0000000008000b04                RCC_APB1PeriphResetCmd
 .text.SPI_I2S_DeInit
                0x0000000008000b50       0x88 ./system/src/stm32f3-stdperiph/stm32f30x_spi.o
                0x0000000008000b50                SPI_I2S_DeInit
 .text.SPI_StructInit
                0x0000000008000bd8       0x1c ./system/src/stm32f3-stdperiph/stm32f30x_spi.o
                0x0000000008000bd8                SPI_StructInit
 .text.SPI_Init
                0x0000000008000bf4      0x1d4 ./system/src/stm32f3-stdperiph/stm32f30x_spi.o
                0x0000000008000bf4                SPI_Init
 .text.SPI_Cmd  0x0000000008000dc8       0x58 ./system/src/stm32f3-stdperiph/stm32f30x_spi.o
                0x0000000008000dc8                SPI_Cmd
 .text.SPI_SendData8
                0x0000000008000e20       0x34 ./system/src/stm32f3-stdperiph/stm32f30x_spi.o
                0x0000000008000e20                SPI_SendData8
 .text.SPI_ReceiveData8
                0x0000000008000e54       0x40 ./system/src/stm32f3-stdperiph/stm32f30x_spi.o
                0x0000000008000e54                SPI_ReceiveData8
 .text.USART_DeInit
                0x0000000008000e94       0xd8 ./system/src/stm32f3-stdperiph/stm32f30x_usart.o
                0x0000000008000e94                USART_DeInit
 .text.USART_Init
                0x0000000008000f6c      0x18c ./system/src/stm32f3-stdperiph/stm32f30x_usart.o
                0x0000000008000f6c                USART_Init
 .text.USART_StructInit
                0x00000000080010f8       0x16 ./system/src/stm32f3-stdperiph/stm32f30x_usart.o
                0x00000000080010f8                USART_StructInit
 *fill*         0x000000000800110e        0x2 
 .text.USART_Cmd
                0x0000000008001110       0x64 ./system/src/stm32f3-stdperiph/stm32f30x_usart.o
                0x0000000008001110                USART_Cmd
 .text.USART_SendData
                0x0000000008001174       0x58 ./system/src/stm32f3-stdperiph/stm32f30x_usart.o
                0x0000000008001174                USART_SendData
 .text.USART_ReceiveData
                0x00000000080011cc       0x44 ./system/src/stm32f3-stdperiph/stm32f30x_usart.o
                0x00000000080011cc                USART_ReceiveData
 .text.USART_ITConfig
                0x0000000008001210       0xf8 ./system/src/stm32f3-stdperiph/stm32f30x_usart.o
                0x0000000008001210                USART_ITConfig
 .text.USART_GetITStatus
                0x0000000008001308      0x104 ./system/src/stm32f3-stdperiph/stm32f30x_usart.o
                0x0000000008001308                USART_GetITStatus
 .text._exit    0x000000000800140c        0x2 ./system/src/newlib/_exit.o
                0x000000000800140c                _exit
 *fill*         0x000000000800140e        0x2 
 .text.abort    0x0000000008001410       0x14 ./system/src/newlib/_exit.o
                0x0000000008001410                abort
 .text._sbrk    0x0000000008001424       0x44 ./system/src/newlib/_sbrk.o
                0x0000000008001424                _sbrk
 .text.__initialize_args
                0x0000000008001468       0x10 ./system/src/newlib/_syscalls.o
                0x0000000008001468                __initialize_args
 .text.assert_failed
                0x0000000008001478       0x14 ./system/src/newlib/assert.o
                0x0000000008001478                assert_failed
 .text.trace_printf
                0x000000000800148c       0x30 ./system/src/diag/Trace.o
                0x000000000800148c                trace_printf
 .text.trace_puts
                0x00000000080014bc       0x20 ./system/src/diag/Trace.o
                0x00000000080014bc                trace_puts
 .text._trace_write_semihosting_debug
                0x00000000080014dc       0x60 ./system/src/diag/trace_impl.o
 .text.trace_write
                0x000000000800153c        0x8 ./system/src/diag/trace_impl.o
                0x000000000800153c                trace_write
 .text.__initialize_hardware_early
                0x0000000008001544       0x18 ./system/src/cortexm/_initialize_hardware.o
                0x0000000008001544                __initialize_hardware_early
 .text.__initialize_hardware
                0x000000000800155c        0x8 ./system/src/cortexm/_initialize_hardware.o
                0x000000000800155c                __initialize_hardware
 .text.dumpExceptionStack
                0x0000000008001564       0xf4 ./system/src/cortexm/exception_handlers.o
                0x0000000008001564                dumpExceptionStack
 .text.isSemihosting
                0x0000000008001658       0x20 ./system/src/cortexm/exception_handlers.o
                0x0000000008001658                isSemihosting
 .text.SetSysClock
                0x0000000008001678       0xb0 ./system/src/cmsis/system_stm32f30x.o
 .text.SystemInit
                0x0000000008001728       0x64 ./system/src/cmsis/system_stm32f30x.o
                0x0000000008001728                SystemInit
 .text.SystemCoreClockUpdate
                0x000000000800178c       0x8c ./system/src/cmsis/system_stm32f30x.o
                0x000000000800178c                SystemCoreClockUpdate
 .text.timer_tick
                0x0000000008001818       0x14 ./src/Timer.o
                0x0000000008001818                timer_tick
 .text.SysTick_Handler
                0x000000000800182c        0x8 ./src/Timer.o
                0x000000000800182c                SysTick_Handler
 .text.func_whoami
                0x0000000008001834       0x24 ./src/console.o
                0x0000000008001834                func_whoami
 .text.func_run
                0x0000000008001858       0x24 ./src/console.o
                0x0000000008001858                func_run
 .text.func_help
                0x000000000800187c       0x44 ./src/console.o
                0x000000000800187c                func_help
 .text.console_init
                0x00000000080018c0       0x64 ./src/console.o
                0x00000000080018c0                console_init
 .text.parse_input
                0x0000000008001924       0x80 ./src/console.o
                0x0000000008001924                parse_input
 .text.USART1_IRQHandler
                0x00000000080019a4       0xcc ./src/console.o
                0x00000000080019a4                USART1_IRQHandler
 .text.gpio_init
                0x0000000008001a70      0x10c ./src/gpio.o
                0x0000000008001a70                gpio_init
 .text.interrupt_init
                0x0000000008001b7c       0x2e ./src/interrupt.o
                0x0000000008001b7c                interrupt_init
 *fill*         0x0000000008001baa        0x2 
 .text.main     0x0000000008001bac       0x74 ./src/main.o
                0x0000000008001bac                main
 .text.spi_init
                0x0000000008001c20       0x6c ./src/spi.o
                0x0000000008001c20                spi_init
 .text.usart_write_c
                0x0000000008001c8c       0x18 ./src/usart.o
                0x0000000008001c8c                usart_write_c
 .text.usart_write_s
                0x0000000008001ca4       0x1c ./src/usart.o
                0x0000000008001ca4                usart_write_s
 .text.usart_set_rx_int
                0x0000000008001cc0       0x18 ./src/usart.o
                0x0000000008001cc0                usart_set_rx_int
 .text.usart_init
                0x0000000008001cd8       0x50 ./src/usart.o
                0x0000000008001cd8                usart_init
 .text.__errno  0x0000000008001d28        0xc /usr/lib/gcc/arm-none-eabi/7.1.0/../../../../arm-none-eabi/lib/armv7e-m/libg_nano.a(lib_a-errno.o)
                0x0000000008001d28                __errno
 .text          0x0000000008001d34       0x14 /usr/lib/gcc/arm-none-eabi/7.1.0/../../../../arm-none-eabi/lib/armv7e-m/libg_nano.a(lib_a-strcmp.o)
                0x0000000008001d34                strcmp
 .text          0x0000000008001d48       0x10 /usr/lib/gcc/arm-none-eabi/7.1.0/../../../../arm-none-eabi/lib/armv7e-m/libg_nano.a(lib_a-strlen.o)
                0x0000000008001d48                strlen
 .text.strtok   0x0000000008001d58       0x54 /usr/lib/gcc/arm-none-eabi/7.1.0/../../../../arm-none-eabi/lib/armv7e-m/libg_nano.a(lib_a-strtok.o)
                0x0000000008001d58                strtok
 .text.__strtok_r
                0x0000000008001dac       0x52 /usr/lib/gcc/arm-none-eabi/7.1.0/../../../../arm-none-eabi/lib/armv7e-m/libg_nano.a(lib_a-strtok_r.o)
                0x0000000008001dac                __strtok_r
 .text._vsnprintf_r
                0x0000000008001dfe       0x58 /usr/lib/gcc/arm-none-eabi/7.1.0/../../../../arm-none-eabi/lib/armv7e-m/libg_nano.a(lib_a-vsnprintf.o)
                0x0000000008001dfe                _vsnprintf_r
                0x0000000008001dfe                _vsniprintf_r
 *fill*         0x0000000008001e56        0x2 
 .text.vsnprintf
                0x0000000008001e58       0x1c /usr/lib/gcc/arm-none-eabi/7.1.0/../../../../arm-none-eabi/lib/armv7e-m/libg_nano.a(lib_a-vsnprintf.o)
                0x0000000008001e58                vsnprintf
                0x0000000008001e58                vsniprintf
 .text.malloc   0x0000000008001e74       0x10 /usr/lib/gcc/arm-none-eabi/7.1.0/../../../../arm-none-eabi/lib/armv7e-m/libg_nano.a(lib_a-malloc.o)
                0x0000000008001e74                malloc
 .text._free_r  0x0000000008001e84       0x9c /usr/lib/gcc/arm-none-eabi/7.1.0/../../../../arm-none-eabi/lib/armv7e-m/libg_nano.a(lib_a-nano-freer.o)
                0x0000000008001e84                _free_r
 .text._malloc_r
                0x0000000008001f20       0xbc /usr/lib/gcc/arm-none-eabi/7.1.0/../../../../arm-none-eabi/lib/armv7e-m/libg_nano.a(lib_a-nano-mallocr.o)
                0x0000000008001f20                _malloc_r
 .text.__ssputs_r
                0x0000000008001fdc       0xb6 /usr/lib/gcc/arm-none-eabi/7.1.0/../../../../arm-none-eabi/lib/armv7e-m/libg_nano.a(lib_a-nano-svfprintf.o)
                0x0000000008001fdc                __ssputs_r
 *fill*         0x0000000008002092        0x2 
 .text._svfprintf_r
                0x0000000008002094      0x1e8 /usr/lib/gcc/arm-none-eabi/7.1.0/../../../../arm-none-eabi/lib/armv7e-m/libg_nano.a(lib_a-nano-svfprintf.o)
                0x0000000008002094                _svfprintf_r
                0x0000000008002094                _svfiprintf_r
 .text._printf_common
                0x000000000800227c       0xec /usr/lib/gcc/arm-none-eabi/7.1.0/../../../../arm-none-eabi/lib/armv7e-m/libg_nano.a(lib_a-nano-vfprintf_i.o)
                0x000000000800227c                _printf_common
 .text._printf_i
                0x0000000008002368      0x240 /usr/lib/gcc/arm-none-eabi/7.1.0/../../../../arm-none-eabi/lib/armv7e-m/libg_nano.a(lib_a-nano-vfprintf_i.o)
                0x0000000008002368                _printf_i
 .text._sbrk_r  0x00000000080025a8       0x20 /usr/lib/gcc/arm-none-eabi/7.1.0/../../../../arm-none-eabi/lib/armv7e-m/libg_nano.a(lib_a-sbrkr.o)
                0x00000000080025a8                _sbrk_r
 *fill*         0x00000000080025c8        0x8 
 .text          0x00000000080025d0       0xa0 /usr/lib/gcc/arm-none-eabi/7.1.0/../../../../arm-none-eabi/lib/armv7e-m/libg_nano.a(lib_a-memchr.o)
                0x00000000080025d0                memchr
 .text.memcpy   0x0000000008002670       0x16 /usr/lib/gcc/arm-none-eabi/7.1.0/../../../../arm-none-eabi/lib/armv7e-m/libg_nano.a(lib_a-memcpy-stub.o)
                0x0000000008002670                memcpy
 .text.memmove  0x0000000008002686       0x34 /usr/lib/gcc/arm-none-eabi/7.1.0/../../../../arm-none-eabi/lib/armv7e-m/libg_nano.a(lib_a-memmove.o)
                0x0000000008002686                memmove
 .text.__malloc_lock
                0x00000000080026ba        0x2 /usr/lib/gcc/arm-none-eabi/7.1.0/../../../../arm-none-eabi/lib/armv7e-m/libg_nano.a(lib_a-mlock.o)
                0x00000000080026ba                __malloc_lock
 .text.__malloc_unlock
                0x00000000080026bc        0x2 /usr/lib/gcc/arm-none-eabi/7.1.0/../../../../arm-none-eabi/lib/armv7e-m/libg_nano.a(lib_a-mlock.o)
                0x00000000080026bc                __malloc_unlock
 .text._realloc_r
                0x00000000080026be       0x4c /usr/lib/gcc/arm-none-eabi/7.1.0/../../../../arm-none-eabi/lib/armv7e-m/libg_nano.a(lib_a-nano-reallocr.o)
                0x00000000080026be                _realloc_r
 .text._malloc_usable_size_r
                0x000000000800270a       0x12 /usr/lib/gcc/arm-none-eabi/7.1.0/../../../../arm-none-eabi/lib/armv7e-m/libg_nano.a(lib_a-nano-msizer.o)
                0x000000000800270a                _malloc_usable_size_r
 *(.rodata .rodata.* .constdata .constdata.*)
 .rodata.GPIO_DeInit.str1.4
                0x000000000800271c       0x31 ./system/src/stm32f3-stdperiph/stm32f30x_gpio.o
 *fill*         0x000000000800274d        0x3 
 .rodata.NVIC_PriorityGroupConfig.str1.4
                0x0000000008002750       0x31 ./system/src/stm32f3-stdperiph/stm32f30x_misc.o
 *fill*         0x0000000008002781        0x3 
 .rodata.RCC_HSEConfig.str1.4
                0x0000000008002784       0x30 ./system/src/stm32f3-stdperiph/stm32f30x_rcc.o
 .rodata.SPI_I2S_DeInit.str1.4
                0x00000000080027b4       0x30 ./system/src/stm32f3-stdperiph/stm32f30x_spi.o
 .rodata.USART_DeInit.str1.4
                0x00000000080027e4       0x32 ./system/src/stm32f3-stdperiph/stm32f30x_usart.o
 *fill*         0x0000000008002816        0x2 
 .rodata.abort.str1.4
                0x0000000008002818       0x14 ./system/src/newlib/_exit.o
 .rodata.assert_failed.str1.4
                0x000000000800282c       0x2b ./system/src/newlib/assert.o
 .rodata.trace_puts.str1.4
                0x0000000008002857       0x2b ./system/src/diag/Trace.o
                                          0x2 (size before relaxing)
 *fill*         0x0000000008002857        0x1 
 .rodata.dumpExceptionStack.str1.4
                0x0000000008002858      0x11a ./system/src/cortexm/exception_handlers.o
 *fill*         0x0000000008002972        0x2 
 .rodata.str1.4
                0x0000000008002974       0x2a ./system/src/cortexm/exception_handlers.o
 *fill*         0x000000000800299e        0x2 
 .rodata.USART1_IRQHandler.str1.4
                0x00000000080029a0       0x23 ./src/console.o
 *fill*         0x00000000080029c3        0x1 
 .rodata.console_init.str1.4
                0x00000000080029c4       0x11 ./src/console.o
 *fill*         0x00000000080029d5        0x3 
 .rodata.func_help.str1.4
                0x00000000080029d8       0x1b ./src/console.o
 *fill*         0x00000000080029f3        0x1 
 .rodata.func_run.str1.4
                0x00000000080029f4        0xe ./src/console.o
 *fill*         0x0000000008002a02        0x2 
 .rodata.func_whoami.str1.4
                0x0000000008002a04       0x23 ./src/console.o
 *fill*         0x0000000008002a27        0x1 
 .rodata.parse_input.str1.4
                0x0000000008002a28       0x1f ./src/console.o
                                         0x27 (size before relaxing)
 *fill*         0x0000000008002a47        0x1 
 .rodata.main.str1.4
                0x0000000008002a48       0x10 ./src/main.o
                                          0xf (size before relaxing)
 .rodata._svfprintf_r.str1.1
                0x0000000008002a58       0x11 /usr/lib/gcc/arm-none-eabi/7.1.0/../../../../arm-none-eabi/lib/armv7e-m/libg_nano.a(lib_a-nano-svfprintf.o)
 .rodata._printf_i.str1.1
                0x0000000008002a69       0x22 /usr/lib/gcc/arm-none-eabi/7.1.0/../../../../arm-none-eabi/lib/armv7e-m/libg_nano.a(lib_a-nano-vfprintf_i.o)
 *(vtable)
 *(.eh_frame*)
 *(.glue_7)
 .glue_7        0x0000000008002a8b        0x0 linker stubs
 *(.glue_7t)
 .glue_7t       0x0000000008002a8b        0x0 linker stubs

.vfp11_veneer   0x0000000008002a8c        0x0
 .vfp11_veneer  0x0000000008002a8c        0x0 linker stubs

.v4_bx          0x0000000008002a8c        0x0
 .v4_bx         0x0000000008002a8c        0x0 linker stubs

.iplt           0x0000000008002a8c        0x0
 .iplt          0x0000000008002a8c        0x0 ./system/src/stm32f3-stdperiph/stm32f30x_gpio.o

.rel.dyn        0x0000000008002a8c        0x0
 .rel.iplt      0x0000000008002a8c        0x0 ./system/src/stm32f3-stdperiph/stm32f30x_gpio.o

.ARM.extab
 *(.ARM.extab* .gnu.linkonce.armextab.*)
                0x0000000008002a8c                . = ALIGN (0x4)
                0x0000000008002a8c                __exidx_start = .

.ARM.exidx
 *(.ARM.exidx* .gnu.linkonce.armexidx.*)
                0x0000000008002a8c                __exidx_end = .
                0x0000000008002a8c                . = ALIGN (0x4)
                0x0000000008002a8c                _etext = .
                0x0000000008002a8c                __etext = .

.data_CCMRAM    0x0000000010000000        0x0 load address 0x0000000008002a8c
 FILL mask 0xff
 *(.data.CCMRAM .data.CCMRAM.*)
                0x0000000010000000                . = ALIGN (0x4)
                0x0000000008002a8c                _sidata = LOADADDR (.data)

.data           0x0000000020000000       0xb4 load address 0x0000000008002a8c
 FILL mask 0xff
                0x0000000020000000                _sdata = .
                0x0000000020000000                __data_start__ = .
 *(.data_begin .data_begin.*)
 .data_begin    0x0000000020000000        0x4 ./system/src/newlib/_startup.o
 *(.data .data.*)
 .data.ADCPrescTable
                0x0000000020000004       0x1a ./system/src/stm32f3-stdperiph/stm32f30x_rcc.o
 *fill*         0x000000002000001e        0x2 ff
 .data.APBAHBPrescTable
                0x0000000020000020       0x10 ./system/src/stm32f3-stdperiph/stm32f30x_rcc.o
 .data.argv.4229
                0x0000000020000030        0x8 ./system/src/newlib/_syscalls.o
 .data.AHBPrescTable
                0x0000000020000038       0x10 ./system/src/cmsis/system_stm32f30x.o
                0x0000000020000038                AHBPrescTable
 .data.SystemCoreClock
                0x0000000020000048        0x4 ./system/src/cmsis/system_stm32f30x.o
                0x0000000020000048                SystemCoreClock
 .data._impure_ptr
                0x000000002000004c        0x4 /usr/lib/gcc/arm-none-eabi/7.1.0/../../../../arm-none-eabi/lib/armv7e-m/libg_nano.a(lib_a-impure.o)
                0x000000002000004c                _impure_ptr
 .data.impure_data
                0x0000000020000050       0x60 /usr/lib/gcc/arm-none-eabi/7.1.0/../../../../arm-none-eabi/lib/armv7e-m/libg_nano.a(lib_a-impure.o)
 *(.data_end .data_end.*)
 .data_end      0x00000000200000b0        0x4 ./system/src/newlib/_startup.o
                0x00000000200000b4                . = ALIGN (0x4)
                0x00000000200000b4                _edata = .
                0x00000000200000b4                __data_end__ = .

.igot.plt       0x00000000200000b4        0x0 load address 0x0000000008002b40
 .igot.plt      0x00000000200000b4        0x0 ./system/src/stm32f3-stdperiph/stm32f30x_gpio.o

.bss_CCMRAM     0x0000000010000000        0x0
 *(.bss.CCMRAM .bss.CCMRAM.*)

.bss            0x00000000200000b4      0x1c8
                0x00000000200000b4                __bss_start__ = .
                0x00000000200000b4                _sbss = .
 *(.bss_begin .bss_begin.*)
 .bss_begin     0x00000000200000b4        0x4 ./system/src/newlib/_startup.o
 *(.bss .bss.*)
 .bss.current_heap_end.3913
                0x00000000200000b8        0x4 ./system/src/newlib/_sbrk.o
 .bss.name.4228
                0x00000000200000bc        0x1 ./system/src/newlib/_syscalls.o
 *fill*         0x00000000200000bd        0x3 
 .bss.buf.5118  0x00000000200000c0       0x80 ./system/src/diag/Trace.o
 .bss.led_toggle
                0x0000000020000140        0x1 ./src/console.o
                0x0000000020000140                led_toggle
 .bss.recv_counter
                0x0000000020000141        0x1 ./src/console.o
                0x0000000020000141                recv_counter
 *fill*         0x0000000020000142        0x2 
 .bss.__malloc_free_list
                0x0000000020000144        0x4 /usr/lib/gcc/arm-none-eabi/7.1.0/../../../../arm-none-eabi/lib/armv7e-m/libg_nano.a(lib_a-nano-mallocr.o)
                0x0000000020000144                __malloc_free_list
 .bss.__malloc_sbrk_start
                0x0000000020000148        0x4 /usr/lib/gcc/arm-none-eabi/7.1.0/../../../../arm-none-eabi/lib/armv7e-m/libg_nano.a(lib_a-nano-mallocr.o)
                0x0000000020000148                __malloc_sbrk_start
 *(COMMON)
 COMMON         0x000000002000014c        0x4 ./system/src/newlib/_syscalls.o
                0x000000002000014c                errno
 COMMON         0x0000000020000150        0x4 ./src/Timer.o
                0x0000000020000150                timer_delayCount
 COMMON         0x0000000020000154      0x123 ./src/console.o
                0x0000000020000154                command_list
                0x0000000020000178                recv_data
 *(.bss_end .bss_end.*)
 *fill*         0x0000000020000277        0x1 
 .bss_end       0x0000000020000278        0x4 ./system/src/newlib/_startup.o
                0x000000002000027c                . = ALIGN (0x4)
                0x000000002000027c                __bss_end__ = .
                0x000000002000027c                _ebss = .

.noinit_CCMRAM
 *(.noinit.CCMRAM .noinit.CCMRAM.*)

.noinit         0x000000002000027c        0x0
                0x000000002000027c                _noinit = .
 *(.noinit .noinit.*)
                0x000000002000027c                . = ALIGN (0x4)
                0x000000002000027c                _end_noinit = .
                [!provide]                        PROVIDE (end, _end_noinit)
                [!provide]                        PROVIDE (_end, _end_noinit)
                [!provide]                        PROVIDE (__end, _end_noinit)
                [!provide]                        PROVIDE (__end__, _end_noinit)

._check_stack   0x000000002000027c      0x100
                0x000000002000037c                . = (. + _Minimum_Stack_Size)
 *fill*         0x000000002000027c      0x100 

.b1text
 *(.b1text)
 *(.b1rodata)
 *(.b1rodata.*)

.eb0text
 *(.eb0text)
 *(.eb0rodata)
 *(.eb0rodata.*)

.eb1text
 *(.eb1text)
 *(.eb1rodata)
 *(.eb1rodata.*)

.eb2text
 *(.eb2text)
 *(.eb2rodata)
 *(.eb2rodata.*)

.eb3text
 *(.eb3text)
 *(.eb3rodata)
 *(.eb3rodata.*)

.stab
 *(.stab)

.stabstr
 *(.stabstr)

.stab.excl
 *(.stab.excl)

.stab.exclstr
 *(.stab.exclstr)

.stab.index
 *(.stab.index)

.stab.indexstr
 *(.stab.indexstr)

.comment        0x0000000000000000       0x1d
 *(.comment)
 .comment       0x0000000000000000       0x1d ./system/src/stm32f3-stdperiph/stm32f30x_gpio.o
                                         0x1e (size before relaxing)
 .comment       0x000000000000001d       0x1e ./system/src/stm32f3-stdperiph/stm32f30x_misc.o
 .comment       0x000000000000001d       0x1e ./system/src/stm32f3-stdperiph/stm32f30x_rcc.o
 .comment       0x000000000000001d       0x1e ./system/src/stm32f3-stdperiph/stm32f30x_spi.o
 .comment       0x000000000000001d       0x1e ./system/src/stm32f3-stdperiph/stm32f30x_usart.o
 .comment       0x000000000000001d       0x1e ./system/src/newlib/_exit.o
 .comment       0x000000000000001d       0x1e ./system/src/newlib/_sbrk.o
 .comment       0x000000000000001d       0x1e ./system/src/newlib/_startup.o
 .comment       0x000000000000001d       0x1e ./system/src/newlib/_syscalls.o
 .comment       0x000000000000001d       0x1e ./system/src/newlib/assert.o
 .comment       0x000000000000001d       0x1e ./system/src/diag/Trace.o
 .comment       0x000000000000001d       0x1e ./system/src/diag/trace_impl.o
 .comment       0x000000000000001d       0x1e ./system/src/cortexm/_initialize_hardware.o
 .comment       0x000000000000001d       0x1e ./system/src/cortexm/exception_handlers.o
 .comment       0x000000000000001d       0x1e ./system/src/cmsis/system_stm32f30x.o
 .comment       0x000000000000001d       0x1e ./system/src/cmsis/vectors_stm32f30x.o
 .comment       0x000000000000001d       0x1e ./src/Timer.o
 .comment       0x000000000000001d       0x1e ./src/console.o
 .comment       0x000000000000001d       0x1e ./src/gpio.o
 .comment       0x000000000000001d       0x1e ./src/interrupt.o
 .comment       0x000000000000001d       0x1e ./src/main.o
 .comment       0x000000000000001d       0x1e ./src/spi.o
 .comment       0x000000000000001d       0x1e ./src/usart.o

.ARM.attributes
                0x0000000000000000       0x31
 .ARM.attributes
                0x0000000000000000       0x33 ./system/src/stm32f3-stdperiph/stm32f30x_gpio.o
 .ARM.attributes
                0x0000000000000033       0x33 ./system/src/stm32f3-stdperiph/stm32f30x_misc.o
 .ARM.attributes
                0x0000000000000066       0x33 ./system/src/stm32f3-stdperiph/stm32f30x_rcc.o
 .ARM.attributes
                0x0000000000000099       0x33 ./system/src/stm32f3-stdperiph/stm32f30x_spi.o
 .ARM.attributes
                0x00000000000000cc       0x33 ./system/src/stm32f3-stdperiph/stm32f30x_usart.o
 .ARM.attributes
                0x00000000000000ff       0x33 ./system/src/newlib/_exit.o
 .ARM.attributes
                0x0000000000000132       0x33 ./system/src/newlib/_sbrk.o
 .ARM.attributes
                0x0000000000000165       0x33 ./system/src/newlib/_startup.o
 .ARM.attributes
                0x0000000000000198       0x33 ./system/src/newlib/_syscalls.o
 .ARM.attributes
                0x00000000000001cb       0x33 ./system/src/newlib/assert.o
 .ARM.attributes
                0x00000000000001fe       0x33 ./system/src/diag/Trace.o
 .ARM.attributes
                0x0000000000000231       0x33 ./system/src/diag/trace_impl.o
 .ARM.attributes
                0x0000000000000264       0x33 ./system/src/cortexm/_initialize_hardware.o
 .ARM.attributes
                0x0000000000000297       0x33 ./system/src/cortexm/exception_handlers.o
 .ARM.attributes
                0x00000000000002ca       0x33 ./system/src/cmsis/system_stm32f30x.o
 .ARM.attributes
                0x00000000000002fd       0x33 ./system/src/cmsis/vectors_stm32f30x.o
 .ARM.attributes
                0x0000000000000330       0x33 ./src/Timer.o
 .ARM.attributes
                0x0000000000000363       0x33 ./src/console.o
 .ARM.attributes
                0x0000000000000396       0x33 ./src/gpio.o
 .ARM.attributes
                0x00000000000003c9       0x33 ./src/interrupt.o
 .ARM.attributes
                0x00000000000003fc       0x33 ./src/main.o
 .ARM.attributes
                0x000000000000042f       0x33 ./src/spi.o
 .ARM.attributes
                0x0000000000000462       0x33 ./src/usart.o
 .ARM.attributes
                0x0000000000000495       0x2e /usr/lib/gcc/arm-none-eabi/7.1.0/../../../../arm-none-eabi/lib/armv7e-m/libg_nano.a(lib_a-errno.o)
 .ARM.attributes
                0x00000000000004c3       0x2e /usr/lib/gcc/arm-none-eabi/7.1.0/../../../../arm-none-eabi/lib/armv7e-m/libg_nano.a(lib_a-impure.o)
 .ARM.attributes
                0x00000000000004f1       0x1c /usr/lib/gcc/arm-none-eabi/7.1.0/../../../../arm-none-eabi/lib/armv7e-m/libg_nano.a(lib_a-strcmp.o)
 .ARM.attributes
                0x000000000000050d       0x17 /usr/lib/gcc/arm-none-eabi/7.1.0/../../../../arm-none-eabi/lib/armv7e-m/libg_nano.a(lib_a-strlen.o)
 .ARM.attributes
                0x0000000000000524       0x2e /usr/lib/gcc/arm-none-eabi/7.1.0/../../../../arm-none-eabi/lib/armv7e-m/libg_nano.a(lib_a-strtok.o)
 .ARM.attributes
                0x0000000000000552       0x2e /usr/lib/gcc/arm-none-eabi/7.1.0/../../../../arm-none-eabi/lib/armv7e-m/libg_nano.a(lib_a-strtok_r.o)
 .ARM.attributes
                0x0000000000000580       0x2e /usr/lib/gcc/arm-none-eabi/7.1.0/../../../../arm-none-eabi/lib/armv7e-m/libg_nano.a(lib_a-vsnprintf.o)
 .ARM.attributes
                0x00000000000005ae       0x2e /usr/lib/gcc/arm-none-eabi/7.1.0/../../../../arm-none-eabi/lib/armv7e-m/libg_nano.a(lib_a-malloc.o)
 .ARM.attributes
                0x00000000000005dc       0x2e /usr/lib/gcc/arm-none-eabi/7.1.0/../../../../arm-none-eabi/lib/armv7e-m/libg_nano.a(lib_a-nano-freer.o)
 .ARM.attributes
                0x000000000000060a       0x2e /usr/lib/gcc/arm-none-eabi/7.1.0/../../../../arm-none-eabi/lib/armv7e-m/libg_nano.a(lib_a-nano-mallocr.o)
 .ARM.attributes
                0x0000000000000638       0x2e /usr/lib/gcc/arm-none-eabi/7.1.0/../../../../arm-none-eabi/lib/armv7e-m/libg_nano.a(lib_a-nano-svfprintf.o)
 .ARM.attributes
                0x0000000000000666       0x2e /usr/lib/gcc/arm-none-eabi/7.1.0/../../../../arm-none-eabi/lib/armv7e-m/libg_nano.a(lib_a-nano-vfprintf_i.o)
 .ARM.attributes
                0x0000000000000694       0x2e /usr/lib/gcc/arm-none-eabi/7.1.0/../../../../arm-none-eabi/lib/armv7e-m/libg_nano.a(lib_a-sbrkr.o)
 .ARM.attributes
                0x00000000000006c2       0x1c /usr/lib/gcc/arm-none-eabi/7.1.0/../../../../arm-none-eabi/lib/armv7e-m/libg_nano.a(lib_a-memchr.o)
 .ARM.attributes
                0x00000000000006de       0x2e /usr/lib/gcc/arm-none-eabi/7.1.0/../../../../arm-none-eabi/lib/armv7e-m/libg_nano.a(lib_a-memcpy-stub.o)
 .ARM.attributes
                0x000000000000070c       0x2e /usr/lib/gcc/arm-none-eabi/7.1.0/../../../../arm-none-eabi/lib/armv7e-m/libg_nano.a(lib_a-memmove.o)
 .ARM.attributes
                0x000000000000073a       0x2e /usr/lib/gcc/arm-none-eabi/7.1.0/../../../../arm-none-eabi/lib/armv7e-m/libg_nano.a(lib_a-mlock.o)
 .ARM.attributes
                0x0000000000000768       0x2e /usr/lib/gcc/arm-none-eabi/7.1.0/../../../../arm-none-eabi/lib/armv7e-m/libg_nano.a(lib_a-nano-reallocr.o)
 .ARM.attributes
                0x0000000000000796       0x2e /usr/lib/gcc/arm-none-eabi/7.1.0/../../../../arm-none-eabi/lib/armv7e-m/libg_nano.a(lib_a-nano-msizer.o)

.debug
 *(.debug)

.line
 *(.line)

.debug_srcinfo
 *(.debug_srcinfo)

.debug_sfnames
 *(.debug_sfnames)

.debug_aranges  0x0000000000000000      0x850
 *(.debug_aranges)
 .debug_aranges
                0x0000000000000000       0x80 ./system/src/stm32f3-stdperiph/stm32f30x_gpio.o
 .debug_aranges
                0x0000000000000080       0x40 ./system/src/stm32f3-stdperiph/stm32f30x_misc.o
 .debug_aranges
                0x00000000000000c0      0x150 ./system/src/stm32f3-stdperiph/stm32f30x_rcc.o
 .debug_aranges
                0x0000000000000210      0x118 ./system/src/stm32f3-stdperiph/stm32f30x_spi.o
 .debug_aranges
                0x0000000000000328      0x1a0 ./system/src/stm32f3-stdperiph/stm32f30x_usart.o
 .debug_aranges
                0x00000000000004c8       0x28 ./system/src/newlib/_exit.o
 .debug_aranges
                0x00000000000004f0       0x20 ./system/src/newlib/_sbrk.o
 .debug_aranges
                0x0000000000000510       0x40 ./system/src/newlib/_startup.o
 .debug_aranges
                0x0000000000000550       0x30 ./system/src/newlib/_syscalls.o
 .debug_aranges
                0x0000000000000580       0x28 ./system/src/newlib/assert.o
 .debug_aranges
                0x00000000000005a8       0x38 ./system/src/diag/Trace.o
 .debug_aranges
                0x00000000000005e0       0x30 ./system/src/diag/trace_impl.o
 .debug_aranges
                0x0000000000000610       0x28 ./system/src/cortexm/_initialize_hardware.o
 .debug_aranges
                0x0000000000000638       0x90 ./system/src/cortexm/exception_handlers.o
 .debug_aranges
                0x00000000000006c8       0x30 ./system/src/cmsis/system_stm32f30x.o
 .debug_aranges
                0x00000000000006f8       0x20 ./system/src/cmsis/vectors_stm32f30x.o
 .debug_aranges
                0x0000000000000718       0x38 ./src/Timer.o
 .debug_aranges
                0x0000000000000750       0x48 ./src/console.o
 .debug_aranges
                0x0000000000000798       0x20 ./src/gpio.o
 .debug_aranges
                0x00000000000007b8       0x20 ./src/interrupt.o
 .debug_aranges
                0x00000000000007d8       0x20 ./src/main.o
 .debug_aranges
                0x00000000000007f8       0x20 ./src/spi.o
 .debug_aranges
                0x0000000000000818       0x38 ./src/usart.o

.debug_pubnames
 *(.debug_pubnames)

.debug_info     0x0000000000000000     0xd6f3
 *(.debug_info .gnu.linkonce.wi.*)
 .debug_info    0x0000000000000000      0xa3e ./system/src/stm32f3-stdperiph/stm32f30x_gpio.o
 .debug_info    0x0000000000000a3e      0x634 ./system/src/stm32f3-stdperiph/stm32f30x_misc.o
 .debug_info    0x0000000000001072      0xf80 ./system/src/stm32f3-stdperiph/stm32f30x_rcc.o
 .debug_info    0x0000000000001ff2     0x13ec ./system/src/stm32f3-stdperiph/stm32f30x_spi.o
 .debug_info    0x00000000000033de     0x1b6c ./system/src/stm32f3-stdperiph/stm32f30x_usart.o
 .debug_info    0x0000000000004f4a      0x94b ./system/src/newlib/_exit.o
 .debug_info    0x0000000000005895      0x937 ./system/src/newlib/_sbrk.o
 .debug_info    0x00000000000061cc      0x4bf ./system/src/newlib/_startup.o
 .debug_info    0x000000000000668b      0xa0e ./system/src/newlib/_syscalls.o
 .debug_info    0x0000000000007099      0x9f4 ./system/src/newlib/assert.o
 .debug_info    0x0000000000007a8d      0xb1f ./system/src/diag/Trace.o
 .debug_info    0x00000000000085ac      0x363 ./system/src/diag/trace_impl.o
 .debug_info    0x000000000000890f      0x2b5 ./system/src/cortexm/_initialize_hardware.o
 .debug_info    0x0000000000008bc4     0x114f ./system/src/cortexm/exception_handlers.o
 .debug_info    0x0000000000009d13      0x4a6 ./system/src/cmsis/system_stm32f30x.o
 .debug_info    0x000000000000a1b9       0xca ./system/src/cmsis/vectors_stm32f30x.o
 .debug_info    0x000000000000a283      0x6a9 ./src/Timer.o
 .debug_info    0x000000000000a92c     0x1002 ./src/console.o
 .debug_info    0x000000000000b92e      0x4ca ./src/gpio.o
 .debug_info    0x000000000000bdf8      0x345 ./src/interrupt.o
 .debug_info    0x000000000000c13d      0xe94 ./src/main.o
 .debug_info    0x000000000000cfd1      0x31c ./src/spi.o
 .debug_info    0x000000000000d2ed      0x406 ./src/usart.o

.debug_abbrev   0x0000000000000000     0x29fa
 *(.debug_abbrev)
 .debug_abbrev  0x0000000000000000      0x1fc ./system/src/stm32f3-stdperiph/stm32f30x_gpio.o
 .debug_abbrev  0x00000000000001fc      0x194 ./system/src/stm32f3-stdperiph/stm32f30x_misc.o
 .debug_abbrev  0x0000000000000390      0x234 ./system/src/stm32f3-stdperiph/stm32f30x_rcc.o
 .debug_abbrev  0x00000000000005c4      0x1e2 ./system/src/stm32f3-stdperiph/stm32f30x_spi.o
 .debug_abbrev  0x00000000000007a6      0x1d3 ./system/src/stm32f3-stdperiph/stm32f30x_usart.o
 .debug_abbrev  0x0000000000000979      0x1f3 ./system/src/newlib/_exit.o
 .debug_abbrev  0x0000000000000b6c      0x1fc ./system/src/newlib/_sbrk.o
 .debug_abbrev  0x0000000000000d68      0x1cb ./system/src/newlib/_startup.o
 .debug_abbrev  0x0000000000000f33      0x234 ./system/src/newlib/_syscalls.o
 .debug_abbrev  0x0000000000001167      0x1f3 ./system/src/newlib/assert.o
 .debug_abbrev  0x000000000000135a      0x276 ./system/src/diag/Trace.o
 .debug_abbrev  0x00000000000015d0      0x1e2 ./system/src/diag/trace_impl.o
 .debug_abbrev  0x00000000000017b2       0xea ./system/src/cortexm/_initialize_hardware.o
 .debug_abbrev  0x000000000000189c      0x32b ./system/src/cortexm/exception_handlers.o
 .debug_abbrev  0x0000000000001bc7      0x177 ./system/src/cmsis/system_stm32f30x.o
 .debug_abbrev  0x0000000000001d3e       0x9d ./system/src/cmsis/vectors_stm32f30x.o
 .debug_abbrev  0x0000000000001ddb      0x1bc ./src/Timer.o
 .debug_abbrev  0x0000000000001f97      0x2e1 ./src/console.o
 .debug_abbrev  0x0000000000002278      0x150 ./src/gpio.o
 .debug_abbrev  0x00000000000023c8      0x11e ./src/interrupt.o
 .debug_abbrev  0x00000000000024e6      0x256 ./src/main.o
 .debug_abbrev  0x000000000000273c      0x12d ./src/spi.o
 .debug_abbrev  0x0000000000002869      0x191 ./src/usart.o

.debug_line     0x0000000000000000     0x6fa5
 *(.debug_line)
 .debug_line    0x0000000000000000      0x712 ./system/src/stm32f3-stdperiph/stm32f30x_gpio.o
 .debug_line    0x0000000000000712      0x3f6 ./system/src/stm32f3-stdperiph/stm32f30x_misc.o
 .debug_line    0x0000000000000b08      0xa99 ./system/src/stm32f3-stdperiph/stm32f30x_rcc.o
 .debug_line    0x00000000000015a1      0xb31 ./system/src/stm32f3-stdperiph/stm32f30x_spi.o
 .debug_line    0x00000000000020d2      0xfd3 ./system/src/stm32f3-stdperiph/stm32f30x_usart.o
 .debug_line    0x00000000000030a5      0x280 ./system/src/newlib/_exit.o
 .debug_line    0x0000000000003325      0x234 ./system/src/newlib/_sbrk.o
 .debug_line    0x0000000000003559      0x2fc ./system/src/newlib/_startup.o
 .debug_line    0x0000000000003855      0x319 ./system/src/newlib/_syscalls.o
 .debug_line    0x0000000000003b6e      0x2bb ./system/src/newlib/assert.o
 .debug_line    0x0000000000003e29      0x2ef ./system/src/diag/Trace.o
 .debug_line    0x0000000000004118      0x575 ./system/src/diag/trace_impl.o
 .debug_line    0x000000000000468d      0x34f ./system/src/cortexm/_initialize_hardware.o
 .debug_line    0x00000000000049dc      0x62a ./system/src/cortexm/exception_handlers.o
 .debug_line    0x0000000000005006      0x399 ./system/src/cmsis/system_stm32f30x.o
 .debug_line    0x000000000000539f       0xcf ./system/src/cmsis/vectors_stm32f30x.o
 .debug_line    0x000000000000546e      0x3a8 ./src/Timer.o
 .debug_line    0x0000000000005816      0x512 ./src/console.o
 .debug_line    0x0000000000005d28      0x336 ./src/gpio.o
 .debug_line    0x000000000000605e      0x322 ./src/interrupt.o
 .debug_line    0x0000000000006380      0x5ac ./src/main.o
 .debug_line    0x000000000000692c      0x31e ./src/spi.o
 .debug_line    0x0000000000006c4a      0x35b ./src/usart.o

.debug_frame    0x0000000000000000     0x18c8
 *(.debug_frame)
 .debug_frame   0x0000000000000000      0x168 ./system/src/stm32f3-stdperiph/stm32f30x_gpio.o
 .debug_frame   0x0000000000000168       0x90 ./system/src/stm32f3-stdperiph/stm32f30x_misc.o
 .debug_frame   0x00000000000001f8      0x3d8 ./system/src/stm32f3-stdperiph/stm32f30x_rcc.o
 .debug_frame   0x00000000000005d0      0x358 ./system/src/stm32f3-stdperiph/stm32f30x_spi.o
 .debug_frame   0x0000000000000928      0x554 ./system/src/stm32f3-stdperiph/stm32f30x_usart.o
 .debug_frame   0x0000000000000e7c       0x38 ./system/src/newlib/_exit.o
 .debug_frame   0x0000000000000eb4       0x28 ./system/src/newlib/_sbrk.o
 .debug_frame   0x0000000000000edc       0x7c ./system/src/newlib/_startup.o
 .debug_frame   0x0000000000000f58       0x50 ./system/src/newlib/_syscalls.o
 .debug_frame   0x0000000000000fa8       0x40 ./system/src/newlib/assert.o
 .debug_frame   0x0000000000000fe8       0x94 ./system/src/diag/Trace.o
 .debug_frame   0x000000000000107c       0x64 ./system/src/diag/trace_impl.o
 .debug_frame   0x00000000000010e0       0x40 ./system/src/cortexm/_initialize_hardware.o
 .debug_frame   0x0000000000001120      0x158 ./system/src/cortexm/exception_handlers.o
 .debug_frame   0x0000000000001278       0x54 ./system/src/cmsis/system_stm32f30x.o
 .debug_frame   0x00000000000012cc       0x20 ./system/src/cmsis/vectors_stm32f30x.o
 .debug_frame   0x00000000000012ec       0x58 ./src/Timer.o
 .debug_frame   0x0000000000001344       0xbc ./src/console.o
 .debug_frame   0x0000000000001400       0x38 ./src/gpio.o
 .debug_frame   0x0000000000001438       0x2c ./src/interrupt.o
 .debug_frame   0x0000000000001464       0x28 ./src/main.o
 .debug_frame   0x000000000000148c       0x30 ./src/spi.o
 .debug_frame   0x00000000000014bc       0x7c ./src/usart.o
 .debug_frame   0x0000000000001538       0x20 /usr/lib/gcc/arm-none-eabi/7.1.0/../../../../arm-none-eabi/lib/armv7e-m/libg_nano.a(lib_a-errno.o)
 .debug_frame   0x0000000000001558       0x20 /usr/lib/gcc/arm-none-eabi/7.1.0/../../../../arm-none-eabi/lib/armv7e-m/libg_nano.a(lib_a-strcmp.o)
 .debug_frame   0x0000000000001578       0x38 /usr/lib/gcc/arm-none-eabi/7.1.0/../../../../arm-none-eabi/lib/armv7e-m/libg_nano.a(lib_a-strtok.o)
 .debug_frame   0x00000000000015b0       0x40 /usr/lib/gcc/arm-none-eabi/7.1.0/../../../../arm-none-eabi/lib/armv7e-m/libg_nano.a(lib_a-strtok_r.o)
 .debug_frame   0x00000000000015f0       0x4c /usr/lib/gcc/arm-none-eabi/7.1.0/../../../../arm-none-eabi/lib/armv7e-m/libg_nano.a(lib_a-vsnprintf.o)
 .debug_frame   0x000000000000163c       0x30 /usr/lib/gcc/arm-none-eabi/7.1.0/../../../../arm-none-eabi/lib/armv7e-m/libg_nano.a(lib_a-malloc.o)
 .debug_frame   0x000000000000166c       0x38 /usr/lib/gcc/arm-none-eabi/7.1.0/../../../../arm-none-eabi/lib/armv7e-m/libg_nano.a(lib_a-nano-freer.o)
 .debug_frame   0x00000000000016a4       0x2c /usr/lib/gcc/arm-none-eabi/7.1.0/../../../../arm-none-eabi/lib/armv7e-m/libg_nano.a(lib_a-nano-mallocr.o)
 .debug_frame   0x00000000000016d0       0x90 /usr/lib/gcc/arm-none-eabi/7.1.0/../../../../arm-none-eabi/lib/armv7e-m/libg_nano.a(lib_a-nano-svfprintf.o)
 .debug_frame   0x0000000000001760       0x60 /usr/lib/gcc/arm-none-eabi/7.1.0/../../../../arm-none-eabi/lib/armv7e-m/libg_nano.a(lib_a-nano-vfprintf_i.o)
 .debug_frame   0x00000000000017c0       0x2c /usr/lib/gcc/arm-none-eabi/7.1.0/../../../../arm-none-eabi/lib/armv7e-m/libg_nano.a(lib_a-sbrkr.o)
 .debug_frame   0x00000000000017ec       0x28 /usr/lib/gcc/arm-none-eabi/7.1.0/../../../../arm-none-eabi/lib/armv7e-m/libg_nano.a(lib_a-memcpy-stub.o)
 .debug_frame   0x0000000000001814       0x28 /usr/lib/gcc/arm-none-eabi/7.1.0/../../../../arm-none-eabi/lib/armv7e-m/libg_nano.a(lib_a-memmove.o)
 .debug_frame   0x000000000000183c       0x30 /usr/lib/gcc/arm-none-eabi/7.1.0/../../../../arm-none-eabi/lib/armv7e-m/libg_nano.a(lib_a-mlock.o)
 .debug_frame   0x000000000000186c       0x3c /usr/lib/gcc/arm-none-eabi/7.1.0/../../../../arm-none-eabi/lib/armv7e-m/libg_nano.a(lib_a-nano-reallocr.o)
 .debug_frame   0x00000000000018a8       0x20 /usr/lib/gcc/arm-none-eabi/7.1.0/../../../../arm-none-eabi/lib/armv7e-m/libg_nano.a(lib_a-nano-msizer.o)

.debug_str      0x0000000000000000    0x5d026
 *(.debug_str)
 .debug_str     0x0000000000000000    0x53d26 ./system/src/stm32f3-stdperiph/stm32f30x_gpio.o
                                      0x53eec (size before relaxing)
 .debug_str     0x0000000000053d26      0x269 ./system/src/stm32f3-stdperiph/stm32f30x_misc.o
                                      0x53e3a (size before relaxing)
 .debug_str     0x0000000000053f8f      0xa54 ./system/src/stm32f3-stdperiph/stm32f30x_rcc.o
                                      0x5468a (size before relaxing)
 .debug_str     0x00000000000549e3      0x4f8 ./system/src/stm32f3-stdperiph/stm32f30x_spi.o
                                      0x542a7 (size before relaxing)
 .debug_str     0x0000000000054edb      0x7fd ./system/src/stm32f3-stdperiph/stm32f30x_usart.o
                                      0x5459e (size before relaxing)
 .debug_str     0x00000000000556d8     0x4cad ./system/src/newlib/_exit.o
                                       0x7b18 (size before relaxing)
 .debug_str     0x000000000005a385      0x4f5 ./system/src/newlib/_sbrk.o
                                       0x6eca (size before relaxing)
 .debug_str     0x000000000005a87a      0x2c6 ./system/src/newlib/_startup.o
                                       0x66ef (size before relaxing)
 .debug_str     0x000000000005ab40      0xe28 ./system/src/newlib/_syscalls.o
                                       0x7d42 (size before relaxing)
 .debug_str     0x000000000005b968       0xd0 ./system/src/newlib/assert.o
                                       0x861d (size before relaxing)
 .debug_str     0x000000000005ba38      0x883 ./system/src/diag/Trace.o
                                       0x82fa (size before relaxing)
 .debug_str     0x000000000005c2bb      0x37b ./system/src/diag/trace_impl.o
                                      0x57bcf (size before relaxing)
 .debug_str     0x000000000005c636       0x5e ./system/src/cortexm/_initialize_hardware.o
                                      0x53c98 (size before relaxing)
 .debug_str     0x000000000005c694      0x19d ./system/src/cortexm/exception_handlers.o
                                      0x58d63 (size before relaxing)
 .debug_str     0x000000000005c831       0x6b ./system/src/cmsis/system_stm32f30x.o
                                      0x53d29 (size before relaxing)
 .debug_str     0x000000000005c89c       0x57 ./system/src/cmsis/vectors_stm32f30x.o
                                       0x3802 (size before relaxing)
 .debug_str     0x000000000005c8f3      0x4ce ./src/Timer.o
                                      0x541b0 (size before relaxing)
 .debug_str     0x000000000005cdc1      0x16b ./src/console.o
                                      0x56f2d (size before relaxing)
 .debug_str     0x000000000005cf2c       0x34 ./src/gpio.o
                                      0x53db9 (size before relaxing)
 .debug_str     0x000000000005cf60       0x22 ./src/interrupt.o
                                      0x540b1 (size before relaxing)
 .debug_str     0x000000000005cf82       0x62 ./src/main.o
                                      0x592ee (size before relaxing)
 .debug_str     0x000000000005cfe4       0x1f ./src/spi.o
                                      0x53d22 (size before relaxing)
 .debug_str     0x000000000005d003       0x23 ./src/usart.o
                                      0x53d47 (size before relaxing)

.debug_loc      0x0000000000000000     0x40b4
 *(.debug_loc)
 .debug_loc     0x0000000000000000      0x4b4 ./system/src/stm32f3-stdperiph/stm32f30x_gpio.o
 .debug_loc     0x00000000000004b4      0x207 ./system/src/stm32f3-stdperiph/stm32f30x_misc.o
 .debug_loc     0x00000000000006bb      0xe6c ./system/src/stm32f3-stdperiph/stm32f30x_rcc.o
 .debug_loc     0x0000000000001527      0xc0e ./system/src/stm32f3-stdperiph/stm32f30x_spi.o
 .debug_loc     0x0000000000002135     0x121b ./system/src/stm32f3-stdperiph/stm32f30x_usart.o
 .debug_loc     0x0000000000003350       0x85 ./system/src/newlib/_sbrk.o
 .debug_loc     0x00000000000033d5      0x2cb ./system/src/newlib/_startup.o
 .debug_loc     0x00000000000036a0       0x63 ./system/src/newlib/_syscalls.o
 .debug_loc     0x0000000000003703      0x134 ./system/src/newlib/assert.o
 .debug_loc     0x0000000000003837       0xf6 ./system/src/diag/Trace.o
 .debug_loc     0x000000000000392d      0x121 ./system/src/diag/trace_impl.o
 .debug_loc     0x0000000000003a4e      0x291 ./system/src/cortexm/exception_handlers.o
 .debug_loc     0x0000000000003cdf       0xff ./system/src/cmsis/system_stm32f30x.o
 .debug_loc     0x0000000000003dde       0x59 ./src/Timer.o
 .debug_loc     0x0000000000003e37      0x134 ./src/console.o
 .debug_loc     0x0000000000003f6b       0x94 ./src/main.o
 .debug_loc     0x0000000000003fff       0xb5 ./src/usart.o

.debug_macinfo
 *(.debug_macinfo)

.debug_weaknames
 *(.debug_weaknames)

.debug_funcnames
 *(.debug_funcnames)

.debug_typenames
 *(.debug_typenames)

.debug_varnames
 *(.debug_varnames)
OUTPUT(STM32F303_TestProject.elf elf32-littlearm)

.debug_ranges   0x0000000000000000      0x788
 .debug_ranges  0x0000000000000000       0x70 ./system/src/stm32f3-stdperiph/stm32f30x_gpio.o
 .debug_ranges  0x0000000000000070       0x30 ./system/src/stm32f3-stdperiph/stm32f30x_misc.o
 .debug_ranges  0x00000000000000a0      0x140 ./system/src/stm32f3-stdperiph/stm32f30x_rcc.o
 .debug_ranges  0x00000000000001e0      0x108 ./system/src/stm32f3-stdperiph/stm32f30x_spi.o
 .debug_ranges  0x00000000000002e8      0x190 ./system/src/stm32f3-stdperiph/stm32f30x_usart.o
 .debug_ranges  0x0000000000000478       0x18 ./system/src/newlib/_exit.o
 .debug_ranges  0x0000000000000490       0x10 ./system/src/newlib/_sbrk.o
 .debug_ranges  0x00000000000004a0       0x90 ./system/src/newlib/_startup.o
 .debug_ranges  0x0000000000000530       0x20 ./system/src/newlib/_syscalls.o
 .debug_ranges  0x0000000000000550       0x18 ./system/src/newlib/assert.o
 .debug_ranges  0x0000000000000568       0x28 ./system/src/diag/Trace.o
 .debug_ranges  0x0000000000000590       0x50 ./system/src/diag/trace_impl.o
 .debug_ranges  0x00000000000005e0       0x18 ./system/src/cortexm/_initialize_hardware.o
 .debug_ranges  0x00000000000005f8       0x80 ./system/src/cortexm/exception_handlers.o
 .debug_ranges  0x0000000000000678       0x20 ./system/src/cmsis/system_stm32f30x.o
 .debug_ranges  0x0000000000000698       0x10 ./system/src/cmsis/vectors_stm32f30x.o
 .debug_ranges  0x00000000000006a8       0x28 ./src/Timer.o
 .debug_ranges  0x00000000000006d0       0x38 ./src/console.o
 .debug_ranges  0x0000000000000708       0x10 ./src/gpio.o
 .debug_ranges  0x0000000000000718       0x10 ./src/interrupt.o
 .debug_ranges  0x0000000000000728       0x28 ./src/main.o
 .debug_ranges  0x0000000000000750       0x10 ./src/spi.o
 .debug_ranges  0x0000000000000760       0x28 ./src/usart.o

.debug_macro    0x0000000000000000    0x122d8
 .debug_macro   0x0000000000000000      0x16c ./system/src/stm32f3-stdperiph/stm32f30x_gpio.o
 .debug_macro   0x000000000000016c      0xa66 ./system/src/stm32f3-stdperiph/stm32f30x_gpio.o
 .debug_macro   0x0000000000000bd2       0x6e ./system/src/stm32f3-stdperiph/stm32f30x_gpio.o
 .debug_macro   0x0000000000000c40      0x34e ./system/src/stm32f3-stdperiph/stm32f30x_gpio.o
 .debug_macro   0x0000000000000f8e       0x35 ./system/src/stm32f3-stdperiph/stm32f30x_gpio.o
 .debug_macro   0x0000000000000fc3       0x50 ./system/src/stm32f3-stdperiph/stm32f30x_gpio.o
 .debug_macro   0x0000000000001013      0xe66 ./system/src/stm32f3-stdperiph/stm32f30x_gpio.o
 .debug_macro   0x0000000000001e79     0x769b ./system/src/stm32f3-stdperiph/stm32f30x_gpio.o
 .debug_macro   0x0000000000009514      0x5a6 ./system/src/stm32f3-stdperiph/stm32f30x_gpio.o
 .debug_macro   0x0000000000009aba      0x3cf ./system/src/stm32f3-stdperiph/stm32f30x_gpio.o
 .debug_macro   0x0000000000009e89       0x46 ./system/src/stm32f3-stdperiph/stm32f30x_gpio.o
 .debug_macro   0x0000000000009ecf      0x231 ./system/src/stm32f3-stdperiph/stm32f30x_gpio.o
 .debug_macro   0x000000000000a100      0x196 ./system/src/stm32f3-stdperiph/stm32f30x_gpio.o
 .debug_macro   0x000000000000a296       0x8e ./system/src/stm32f3-stdperiph/stm32f30x_gpio.o
 .debug_macro   0x000000000000a324      0x3a9 ./system/src/stm32f3-stdperiph/stm32f30x_gpio.o
 .debug_macro   0x000000000000a6cd      0x116 ./system/src/stm32f3-stdperiph/stm32f30x_gpio.o
 .debug_macro   0x000000000000a7e3      0x1e4 ./system/src/stm32f3-stdperiph/stm32f30x_gpio.o
 .debug_macro   0x000000000000a9c7      0x1df ./system/src/stm32f3-stdperiph/stm32f30x_gpio.o
 .debug_macro   0x000000000000aba6      0x29a ./system/src/stm32f3-stdperiph/stm32f30x_gpio.o
 .debug_macro   0x000000000000ae40       0x70 ./system/src/stm32f3-stdperiph/stm32f30x_gpio.o
 .debug_macro   0x000000000000aeb0      0x10c ./system/src/stm32f3-stdperiph/stm32f30x_gpio.o
 .debug_macro   0x000000000000afbc       0xb8 ./system/src/stm32f3-stdperiph/stm32f30x_gpio.o
 .debug_macro   0x000000000000b074      0x5c6 ./system/src/stm32f3-stdperiph/stm32f30x_gpio.o
 .debug_macro   0x000000000000b63a      0x551 ./system/src/stm32f3-stdperiph/stm32f30x_gpio.o
 .debug_macro   0x000000000000bb8b      0x3ac ./system/src/stm32f3-stdperiph/stm32f30x_gpio.o
 .debug_macro   0x000000000000bf37      0x8d8 ./system/src/stm32f3-stdperiph/stm32f30x_gpio.o
 .debug_macro   0x000000000000c80f      0x364 ./system/src/stm32f3-stdperiph/stm32f30x_gpio.o
 .debug_macro   0x000000000000cb73       0x34 ./system/src/stm32f3-stdperiph/stm32f30x_gpio.o
 .debug_macro   0x000000000000cba7       0x89 ./system/src/stm32f3-stdperiph/stm32f30x_gpio.o
 .debug_macro   0x000000000000cc30       0x35 ./system/src/stm32f3-stdperiph/stm32f30x_gpio.o
 .debug_macro   0x000000000000cc65      0x1b0 ./system/src/stm32f3-stdperiph/stm32f30x_gpio.o
 .debug_macro   0x000000000000ce15      0x172 ./system/src/stm32f3-stdperiph/stm32f30x_misc.o
 .debug_macro   0x000000000000cf87      0x1b6 ./system/src/stm32f3-stdperiph/stm32f30x_misc.o
 .debug_macro   0x000000000000d13d       0x83 ./system/src/stm32f3-stdperiph/stm32f30x_misc.o
 .debug_macro   0x000000000000d1c0      0x209 ./system/src/stm32f3-stdperiph/stm32f30x_rcc.o
 .debug_macro   0x000000000000d3c9      0x5c0 ./system/src/stm32f3-stdperiph/stm32f30x_rcc.o
 .debug_macro   0x000000000000d989      0x181 ./system/src/stm32f3-stdperiph/stm32f30x_spi.o
 .debug_macro   0x000000000000db0a      0x3a6 ./system/src/stm32f3-stdperiph/stm32f30x_spi.o
 .debug_macro   0x000000000000deb0      0x184 ./system/src/stm32f3-stdperiph/stm32f30x_usart.o
 .debug_macro   0x000000000000e034      0x35e ./system/src/stm32f3-stdperiph/stm32f30x_usart.o
 .debug_macro   0x000000000000e392      0x1a7 ./system/src/newlib/_exit.o
 .debug_macro   0x000000000000e539       0x9c ./system/src/newlib/_exit.o
 .debug_macro   0x000000000000e5d5      0x10e ./system/src/newlib/_exit.o
 .debug_macro   0x000000000000e6e3       0x8d ./system/src/newlib/_exit.o
 .debug_macro   0x000000000000e770       0x43 ./system/src/newlib/_exit.o
 .debug_macro   0x000000000000e7b3      0x330 ./system/src/newlib/_exit.o
 .debug_macro   0x000000000000eae3       0x35 ./system/src/newlib/_exit.o
 .debug_macro   0x000000000000eb18      0x15c ./system/src/newlib/_sbrk.o
 .debug_macro   0x000000000000ec74      0x174 ./system/src/newlib/_sbrk.o
 .debug_macro   0x000000000000ede8       0x10 ./system/src/newlib/_sbrk.o
 .debug_macro   0x000000000000edf8      0x23b ./system/src/newlib/_sbrk.o
 .debug_macro   0x000000000000f033      0x166 ./system/src/newlib/_startup.o
 .debug_macro   0x000000000000f199      0xa6c ./system/src/newlib/_startup.o
 .debug_macro   0x000000000000fc05      0x20a ./system/src/newlib/_syscalls.o
 .debug_macro   0x000000000000fe0f       0x1c ./system/src/newlib/_syscalls.o
 .debug_macro   0x000000000000fe2b       0x10 ./system/src/newlib/_syscalls.o
 .debug_macro   0x000000000000fe3b       0x10 ./system/src/newlib/_syscalls.o
 .debug_macro   0x000000000000fe4b       0x10 ./system/src/newlib/_syscalls.o
 .debug_macro   0x000000000000fe5b       0x35 ./system/src/newlib/_syscalls.o
 .debug_macro   0x000000000000fe90      0x122 ./system/src/newlib/_syscalls.o
 .debug_macro   0x000000000000ffb2       0x88 ./system/src/newlib/_syscalls.o
 .debug_macro   0x000000000001003a       0x2b ./system/src/newlib/_syscalls.o
 .debug_macro   0x0000000000010065      0x118 ./system/src/newlib/_syscalls.o
 .debug_macro   0x000000000001017d      0x159 ./system/src/newlib/_syscalls.o
 .debug_macro   0x00000000000102d6       0x16 ./system/src/newlib/_syscalls.o
 .debug_macro   0x00000000000102ec      0x1c3 ./system/src/newlib/assert.o
 .debug_macro   0x00000000000104af       0x1c ./system/src/newlib/assert.o
 .debug_macro   0x00000000000104cb      0x1e4 ./system/src/diag/Trace.o
 .debug_macro   0x00000000000106af       0x16 ./system/src/diag/Trace.o
 .debug_macro   0x00000000000106c5       0x97 ./system/src/diag/Trace.o
 .debug_macro   0x000000000001075c       0xfd ./system/src/diag/Trace.o
 .debug_macro   0x0000000000010859       0x10 ./system/src/diag/Trace.o
 .debug_macro   0x0000000000010869       0x16 ./system/src/diag/Trace.o
 .debug_macro   0x000000000001087f      0x18b ./system/src/diag/Trace.o
 .debug_macro   0x0000000000010a0a       0x4c ./system/src/diag/Trace.o
 .debug_macro   0x0000000000010a56       0x16 ./system/src/diag/Trace.o
 .debug_macro   0x0000000000010a6c      0x2ce ./system/src/diag/trace_impl.o
 .debug_macro   0x0000000000010d3a       0x10 ./system/src/diag/trace_impl.o
 .debug_macro   0x0000000000010d4a       0xcf ./system/src/diag/trace_impl.o
 .debug_macro   0x0000000000010e19       0xbe ./system/src/diag/trace_impl.o
 .debug_macro   0x0000000000010ed7       0x22 ./system/src/diag/trace_impl.o
 .debug_macro   0x0000000000010ef9      0x16c ./system/src/cortexm/_initialize_hardware.o
 .debug_macro   0x0000000000011065      0x30e ./system/src/cortexm/exception_handlers.o
 .debug_macro   0x0000000000011373       0x3b ./system/src/cortexm/exception_handlers.o
 .debug_macro   0x00000000000113ae       0x10 ./system/src/cortexm/exception_handlers.o
 .debug_macro   0x00000000000113be      0x168 ./system/src/cmsis/system_stm32f30x.o
 .debug_macro   0x0000000000011526       0x34 ./system/src/cmsis/vectors_stm32f30x.o
 .debug_macro   0x000000000001155a      0x185 ./src/Timer.o
 .debug_macro   0x00000000000116df       0x10 ./src/Timer.o
 .debug_macro   0x00000000000116ef      0x268 ./src/console.o
 .debug_macro   0x0000000000011957       0x10 ./src/console.o
 .debug_macro   0x0000000000011967      0x176 ./src/gpio.o
 .debug_macro   0x0000000000011add      0x176 ./src/interrupt.o
 .debug_macro   0x0000000000011c53      0x399 ./src/main.o
 .debug_macro   0x0000000000011fec      0x176 ./src/spi.o
 .debug_macro   0x0000000000012162      0x176 ./src/usart.o
